node_modules/next/dist/build/templates/app-page.d.ts(3,25): error TS2307: Cannot find module 'VAR_MODULE_GLOBAL_ERROR' or its corresponding type declarations.
node_modules/next/dist/build/webpack-config.d.ts(10,104): error TS2694: Namespace '"C:/Users/kobap/Desktop/CLI/dev-card-mvp/node_modules/next/dist/compiled/webpack/webpack".webpack' has no exported member 'RuleSetUseItem'.
node_modules/next/dist/build/webpack/loaders/next-app-loader/index.d.ts(1,13): error TS2613: Module '"C:/Users/kobap/Desktop/CLI/dev-card-mvp/node_modules/next/dist/compiled/webpack/webpack"' has no default export. Did you mean to use 'import { webpack } from "C:/Users/kobap/Desktop/CLI/dev-card-mvp/node_modules/next/dist/compiled/webpack/webpack"' instead?
node_modules/next/dist/client/components/error-boundary.d.ts(1,8): error TS1259: Module '"C:/Users/kobap/Desktop/CLI/dev-card-mvp/node_modules/@types/react/index"' can only be default-imported using the 'esModuleInterop' flag
node_modules/next/dist/client/components/http-access-fallback/error-boundary.d.ts(11,8): error TS1259: Module '"C:/Users/kobap/Desktop/CLI/dev-card-mvp/node_modules/@types/react/index"' can only be default-imported using the 'esModuleInterop' flag
node_modules/next/dist/client/components/layout-router.d.ts(2,8): error TS1259: Module '"C:/Users/kobap/Desktop/CLI/dev-card-mvp/node_modules/@types/react/index"' can only be default-imported using the 'esModuleInterop' flag
node_modules/next/dist/client/with-router.d.ts(1,8): error TS1259: Module '"C:/Users/kobap/Desktop/CLI/dev-card-mvp/node_modules/@types/react/index"' can only be default-imported using the 'esModuleInterop' flag
node_modules/next/dist/lib/metadata/metadata.d.ts(1,8): error TS1259: Module '"C:/Users/kobap/Desktop/CLI/dev-card-mvp/node_modules/@types/react/index"' can only be default-imported using the 'esModuleInterop' flag
node_modules/next/dist/next-devtools/userspace/pages/pages-dev-overlay-setup.d.ts(1,8): error TS1259: Module '"C:/Users/kobap/Desktop/CLI/dev-card-mvp/node_modules/@types/react/index"' can only be default-imported using the 'esModuleInterop' flag
node_modules/next/dist/server/app-render/entry-base.d.ts(1,114): error TS2307: Cannot find module 'react-server-dom-webpack/server' or its corresponding type declarations.
node_modules/next/dist/server/app-render/entry-base.d.ts(2,27): error TS2307: Cannot find module 'react-server-dom-webpack/static' or its corresponding type declarations.
node_modules/next/dist/server/web/spec-extension/adapters/headers.d.ts(39,16): error TS2304: Cannot find name 'HeadersIterator'.
node_modules/next/dist/server/web/spec-extension/adapters/headers.d.ts(40,13): error TS2304: Cannot find name 'HeadersIterator'.
node_modules/next/dist/server/web/spec-extension/adapters/headers.d.ts(41,15): error TS2304: Cannot find name 'HeadersIterator'.
node_modules/next/dist/server/web/spec-extension/adapters/headers.d.ts(42,26): error TS2304: Cannot find name 'HeadersIterator'.
node_modules/next/dist/shared/lib/app-router-context.shared-runtime.d.ts(4,8): error TS1259: Module '"C:/Users/kobap/Desktop/CLI/dev-card-mvp/node_modules/@types/react/index"' can only be default-imported using the 'esModuleInterop' flag
node_modules/next/dist/shared/lib/app-router-types.d.ts(7,13): error TS1259: Module '"C:/Users/kobap/Desktop/CLI/dev-card-mvp/node_modules/@types/react/index"' can only be default-imported using the 'esModuleInterop' flag
node_modules/next/dist/shared/lib/head-manager-context.shared-runtime.d.ts(1,8): error TS1259: Module '"C:/Users/kobap/Desktop/CLI/dev-card-mvp/node_modules/@types/react/index"' can only be default-imported using the 'esModuleInterop' flag
node_modules/next/dist/shared/lib/image-config-context.shared-runtime.d.ts(1,8): error TS1259: Module '"C:/Users/kobap/Desktop/CLI/dev-card-mvp/node_modules/@types/react/index"' can only be default-imported using the 'esModuleInterop' flag
node_modules/next/dist/shared/lib/loadable-context.shared-runtime.d.ts(1,8): error TS1259: Module '"C:/Users/kobap/Desktop/CLI/dev-card-mvp/node_modules/@types/react/index"' can only be default-imported using the 'esModuleInterop' flag
node_modules/next/dist/shared/lib/loadable.shared-runtime.d.ts(21,8): error TS1259: Module '"C:/Users/kobap/Desktop/CLI/dev-card-mvp/node_modules/@types/react/index"' can only be default-imported using the 'esModuleInterop' flag
node_modules/next/dist/shared/lib/router-context.shared-runtime.d.ts(1,8): error TS1259: Module '"C:/Users/kobap/Desktop/CLI/dev-card-mvp/node_modules/@types/react/index"' can only be default-imported using the 'esModuleInterop' flag
node_modules/next/dist/shared/lib/server-inserted-html.shared-runtime.d.ts(1,8): error TS1259: Module '"C:/Users/kobap/Desktop/CLI/dev-card-mvp/node_modules/@types/react/index"' can only be default-imported using the 'esModuleInterop' flag
node_modules/next/dist/shared/lib/utils.d.ts(10,13): error TS1192: Module '"fs"' has no default export.
src/app/success/page.tsx(690,7): error TS17004: Cannot use JSX unless the '--jsx' flag is provided.
src/app/success/page.tsx(691,9): error TS17004: Cannot use JSX unless the '--jsx' flag is provided.
src/app/success/page.tsx(697,5): error TS17004: Cannot use JSX unless the '--jsx' flag is provided.
src/app/success/page.tsx(698,7): error TS17004: Cannot use JSX unless the '--jsx' flag is provided.
src/app/success/page.tsx(703,9): error TS17004: Cannot use JSX unless the '--jsx' flag is provided.
src/app/success/page.tsx(704,11): error TS17004: Cannot use JSX unless the '--jsx' flag is provided.
src/app/success/page.tsx(707,9): error TS17004: Cannot use JSX unless the '--jsx' flag is provided.
src/app/success/page.tsx(708,11): error TS17004: Cannot use JSX unless the '--jsx' flag is provided.
src/app/success/page.tsx(709,11): error TS17004: Cannot use JSX unless the '--jsx' flag is provided.
src/app/success/page.tsx(710,27): error TS17004: Cannot use JSX unless the '--jsx' flag is provided.
src/app/success/page.tsx(715,9): error TS17004: Cannot use JSX unless the '--jsx' flag is provided.
src/app/success/page.tsx(716,11): error TS17004: Cannot use JSX unless the '--jsx' flag is provided.
src/app/success/page.tsx(717,13): error TS17004: Cannot use JSX unless the '--jsx' flag is provided.
src/app/success/page.tsx(718,13): error TS17004: Cannot use JSX unless the '--jsx' flag is provided.
src/app/success/page.tsx(720,11): error TS17004: Cannot use JSX unless the '--jsx' flag is provided.
src/app/success/page.tsx(721,13): error TS17004: Cannot use JSX unless the '--jsx' flag is provided.
src/app/success/page.tsx(722,13): error TS17004: Cannot use JSX unless the '--jsx' flag is provided.
src/app/success/page.tsx(727,11): error TS17004: Cannot use JSX unless the '--jsx' flag is provided.
src/app/success/page.tsx(728,13): error TS17004: Cannot use JSX unless the '--jsx' flag is provided.
src/app/success/page.tsx(729,15): error TS17004: Cannot use JSX unless the '--jsx' flag is provided.
src/app/success/page.tsx(730,15): error TS17004: Cannot use JSX unless the '--jsx' flag is provided.
src/app/success/page.tsx(732,13): error TS17004: Cannot use JSX unless the '--jsx' flag is provided.
src/app/success/page.tsx(733,15): error TS17004: Cannot use JSX unless the '--jsx' flag is provided.
src/app/success/page.tsx(740,11): error TS17004: Cannot use JSX unless the '--jsx' flag is provided.
src/app/success/page.tsx(741,13): error TS17004: Cannot use JSX unless the '--jsx' flag is provided.
src/app/success/page.tsx(745,15): error TS17004: Cannot use JSX unless the '--jsx' flag is provided.
src/app/success/page.tsx(748,13): error TS17004: Cannot use JSX unless the '--jsx' flag is provided.
src/app/success/page.tsx(754,9): error TS17004: Cannot use JSX unless the '--jsx' flag is provided.
src/app/success/page.tsx(758,11): error TS17004: Cannot use JSX unless the '--jsx' flag is provided.
src/app/success/page.tsx(768,5): error TS17004: Cannot use JSX unless the '--jsx' flag is provided.
src/app/success/page.tsx(770,9): error TS17004: Cannot use JSX unless the '--jsx' flag is provided.
src/app/success/page.tsx(771,11): error TS17004: Cannot use JSX unless the '--jsx' flag is provided.
src/app/success/page.tsx(775,7): error TS17004: Cannot use JSX unless the '--jsx' flag is provided.
